=== begin: PhpFloatType.php
<?php
/*
 * Copyright 2014 Google Inc.
 *
 * Licensed under the Apache License, Version 2.0 (the "License"); you may not
 * use this file except in compliance with the License. You may obtain a copy of
 * the License at
 *
 * http://www.apache.org/licenses/LICENSE-2.0
 *
 * Unless required by applicable law or agreed to in writing, software
 * distributed under the License is distributed on an "AS IS" BASIS, WITHOUT
 * WARRANTIES OR CONDITIONS OF ANY KIND, either express or implied. See the
 * License for the specific language governing permissions and limitations under
 * the License.
 */

namespace Google\Service;

use Google\Client;

/**
 * Service definition for PhpFloatType (v1).
 *
 * <p>
 * verifying the PHP float primitive type</p>
 *
 * <p>
 * For more information about this service, see the API
 * <a href="" target="_blank">Documentation</a>
 * </p>
 *
 * @author Google, Inc.
 */
class PhpFloatType extends \Google\Service
{
  /** A non googleapis.com scope. */
  const MAIL_GOOGLE_COM =
      "https://mail.google.com/";
  /** a product level scope. */
  const PRODUCT =
      "https://www.googleapis.com/auth/product";
  /** A typical scope. */
  const USERINFO_EMAIL =
      "https://www.googleapis.com/auth/userinfo.email";

  public $getwithfloat;
  public $rootUrlTemplate;

  /**
   * Constructs the internal representation of the PhpFloatType service.
   *
   * @param Client|array $clientOrConfig The client used to deliver requests, or a
   *                                     config array to pass to a new Client instance.
   * @param string $rootUrl The root URL used for requests to the service.
   */
  public function __construct($clientOrConfig = [], $rootUrl = null)
  {
    parent::__construct($clientOrConfig);
    $this->rootUrl = $rootUrl ?: 'https://www.googleapis.com/';
    $this->rootUrlTemplate = $rootUrl ?: 'https://www.UNIVERSE_DOMAIN/';
    $this->servicePath = 'php_float_type/v1/';
    $this->version = 'v1';
    $this->serviceName = 'php_float_type';

    $this->getwithfloat = new PhpFloatType\Resource\Getwithfloat(
        $this,
        $this->serviceName,
        'getwithfloat',
        [
          'methods' => [
            'get' => [
              'path' => 'series',
              'httpMethod' => 'GET',
              'parameters' => [],
            ],
          ]
        ]
    );
  }
}

// Adding a class alias for backwards compatibility with the previous class name.
class_alias(PhpFloatType::class, 'Google_Service_PhpFloatType');
=== end: PhpFloatType.php
=== begin: PhpFloatType/ObjectWithFloat.php
<?php
/*
 * Copyright 2014 Google Inc.
 *
 * Licensed under the Apache License, Version 2.0 (the "License"); you may not
 * use this file except in compliance with the License. You may obtain a copy of
 * the License at
 *
 * http://www.apache.org/licenses/LICENSE-2.0
 *
 * Unless required by applicable law or agreed to in writing, software
 * distributed under the License is distributed on an "AS IS" BASIS, WITHOUT
 * WARRANTIES OR CONDITIONS OF ANY KIND, either express or implied. See the
 * License for the specific language governing permissions and limitations under
 * the License.
 */

namespace Google\Service\PhpFloatType;

class ObjectWithFloat extends \Google\Model
{
  /**
   * @var float
   */
  public $propName;

  /**
   * @param float $propName
   */
  public function setPropName($propName)
  {
    $this->propName = $propName;
  }
  /**
   * @return float
   */
  public function getPropName()
  {
    return $this->propName;
  }
}

// Adding a class alias for backwards compatibility with the previous class name.
class_alias(ObjectWithFloat::class, 'Google_Service_PhpFloatType_ObjectWithFloat');
=== end: PhpFloatType/ObjectWithFloat.php
=== begin: PhpFloatType/Resource/Getwithfloat.php
<?php
/*
 * Copyright 2014 Google Inc.
 *
 * Licensed under the Apache License, Version 2.0 (the "License"); you may not
 * use this file except in compliance with the License. You may obtain a copy of
 * the License at
 *
 * http://www.apache.org/licenses/LICENSE-2.0
 *
 * Unless required by applicable law or agreed to in writing, software
 * distributed under the License is distributed on an "AS IS" BASIS, WITHOUT
 * WARRANTIES OR CONDITIONS OF ANY KIND, either express or implied. See the
 * License for the specific language governing permissions and limitations under
 * the License.
 */

namespace Google\Service\PhpFloatType\Resource;

use Google\Service\PhpFloatType\ObjectWithFloat;

/**
 * The "getwithfloat" collection of methods.
 * Typical usage is:
 *  <code>
 *   $php_float_typeService = new Google\Service\PhpFloatType(...);
 *   $getwithfloat = $php_float_typeService->getwithfloat;
 *  </code>
 */
class Getwithfloat extends \Google\Service\Resource
{
  /**
   * returns an object with a float (getwithfloat.get)
   *
   * @param array $optParams Optional parameters.
   * @return ObjectWithFloat
   * @throws \Google\Service\Exception
   */
  public function get($optParams = [])
  {
    $params = [];
    $params = array_merge($params, $optParams);
    return $this->call('get', [$params], ObjectWithFloat::class);
  }
}

// Adding a class alias for backwards compatibility with the previous class name.
class_alias(Getwithfloat::class, 'Google_Service_PhpFloatType_Resource_Getwithfloat');
=== end: PhpFloatType/Resource/Getwithfloat.php
